// 同步 ID: 57d7100f @ Sat Jul 25 17:52:45 UTC 2026
// 同步 ID: d6922f5d @ Sun Jul 26 04:58:25 UTC 2026
// 同步 ID: 06a97ea5 @ Sun Jul 26 16:26:41 UTC 2026
// 同步 ID: 4e5bc212 @ Mon Jul 27 15:09:38 UTC 2026
// 重构日志: 22f4712b
// 同步 ID: 92fd042e @ Tue Jul 28 08:37:29 UTC 2026
// 重构日志: 6319af6b
// 重构日志: 8bb37ab4
// 重构日志: 3a0e89a7
// 重构日志: b6e9539e
// 重构日志: a7b91cc6
// 重构日志: 7992eaa1
// 重构日志: f5ad7356
// 重构日志: 1d2f8252
// 重构日志: ed4b3582
// 重构日志: 6112c6bf
// 重构日志: be32f22a
// 同步 ID: 3b3788ac @ Mon Aug  3 18:52:26 UTC 2026
// 重构日志: fa809c5b
// 重构日志: 06062ae7
// 同步 ID: 2fc34daa @ Wed Aug  5 12:24:36 UTC 2026
// 重构日志: 55e0ef38
// 同步 ID: 394bd092 @ Thu Aug  6 04:10:09 UTC 2026
// 同步 ID: 866e25e5 @ Thu Aug  6 09:50:02 UTC 2026
// 重构日志: 6e8cacfa
// 同步 ID: 4b85ac59 @ Fri Aug  7 04:25:59 UTC 2026
// 重构日志: cd8d315a
// 同步 ID: d8751dbf @ Sat Aug  8 09:20:16 UTC 2026
// 同步 ID: 1de91256 @ Sat Aug  8 10:08:28 UTC 2026
// 同步 ID: 9515f5dd @ Sat Aug  8 14:32:39 UTC 2026
// 重构日志: 9549804a
